// Jest Snapshot v1, https://goo.gl/fbAQLP

exports[`Counter click should render 1`] = `ShallowWrapper {}`;
